// Jest Snapshot v1, https://goo.gl/fbAQLP

exports[`renders learn react link should render hello world 1`] = `
<div>
  <div
    class="sc-gsnTZi ToOMS"
  >
    <header
      class="sc-dkzDqf cDKfbt"
    >
      <h1>
        Movie List
      </h1>
    </header>
    <div
      class="sc-hKMtZM kBVPFl"
    >
      <input
        placeholder="search your movie here"
        value=""
      />
      <button
        class="sc-eCYdqJ jAibXW"
        data-testid="searchButton"
      >
        <img
          alt="search icon"
          src="searchIcon.svg"
        />
      </button>
    </div>
    <div
      class="sc-jSMfEi iAkGmp"
    >
      <h3>
        loading...
      </h3>
    </div>
  </div>
</div>
`;
