// Jest Snapshot v1, https://goo.gl/fbAQLP

exports[`<App/> should take snapshot 1`] = `
<div>
  <div>
    <div
      class="sc-hAZoDl joektr"
    >
      <header
        class="sc-fnykZs csVgBM"
      >
        <h1>
          Movie List
        </h1>
      </header>
      <div
        class="sc-fEOsli cmNnSW"
      >
        <input
          placeholder="search your movie here"
          value=""
        />
        <button
          class="sc-bjUoiL unMHp"
          data-testid="searchButton"
        >
          <img
            alt="search icon"
            src="searchIcon.svg"
          />
        </button>
      </div>
      <div
        class="sc-idiyUo kUDrug"
      >
        <h3>
          loading...
        </h3>
      </div>
    </div>
  </div>
</div>
`;
